................................................................
................................................................
................................................................
................................................................
................................................................
................................................................
................................................................
................................................................
................................................................
................................................................
................................................................
................................................................
................................................................
................................................................
................................................................
................................................................
................................................................
................................................................
........################++++++++++++++++++++++++................
........#fffffffffffffff+ffffffffffffffffffffff+................
........#fffffffffffffff+ffffffffffffffffffffff+................
........#fffffffffffffff+ffffffffffffffffffffff+................
........#fffffffffttffft+fffffffffttfffttffffff+................
........#ffffffffftttftt+ffffffffftttftttffffff+................
........#ffffffffftttttt+ffffffffftttttttffffff+................
........#ffffffffftttttt+ffffffffftttttttfftttt+................
........#fffffffffttftft+fffffffffttftfttfttfff+................
........#fffffffffttffft+fffffffffttfffttfttfff+................
........#fffffffffttffft+fffffffffttfffttfttfff+................
........#fffffffffttffft+fffffffffttfffttfttfff+................
........#fffffffffttffft+fffffffffttfffttfttfff+................
........#fffffffffttffft+fffffffffttfffttfftttt+................
........#fffffffffffffff+ffffffffffffffffffffff+................
........#fffffffffffffff+ffffffffffffffffffffff+................
........#fffffffffffffff+ffffffffffffffffffffff+................
........#fffffffffffffff+ffffffffffffffffffffff+................
........#fffffffffffffff+ffffffffffffffffffffff+................
........#fffffffffffffff+ffffffffffffffffffffff+................
........#fffffffffffffff+ffffffffffffffffffffff+................
........#fffffffffffffff+ffffffffffffffffffffff+................
........#fffftfffftttttt+ffffffffffffffffffffff+................
........#ffftttffffttfft+ffffffffffffffffffffff+................
........#ffttfttfffttfft+ffffffffffffffffffffff+................
........#fttfffttffttfft+fttftttfffttttfffttftt+................
........#fttfffttffttttt+ffttffttfffffttfffttff+................
........#ftttttttffttfft+ffttffttfftttttfffttff+................
........#fttfffttffttfft+ffttffttfttffttfffttff+................
........#fttfffttffttfft+ffttffttfttffttfffttff+................
........#fttfffttffttfft+ffttffttfttffttfffttff+................
........#fttfffttftttttt+fftttttffftttfttffttff+................
........#fffffffffffffff+ffttffffffffffffffffff+................
........#fffffffffffffff+ffttffffffffffffffffff+................
........#fffffffffffffff+fttttfffffffffffffffff+................
........#fffffffffffffff+ffffffffffffffffffffff+................
........#fffffffffffffff+ffffffffffffffffffffff+................
........#fffffffff@@@@ff+ffffffffffffffffffffff+................
........#fffffffff@@@@ff+ffffffffffffffffffffff+................
........#fffffffff@@@@ff+ffffffffffffffffffffff+................
........#fffffffff@@@@ff+ffffffffffffffffffffff+................
........#fffffffff@@@@ff+ffffffffffffffffffffff+................
........#fffffffff@@@@ff+ffffffffffffffffffffff+................
........#fffffffff@@@@ff+ffffffffffffffffffffff+................
........#fffffffff@@@@ff+ffffffffffffffffffffff+................
........#fffffffff@@@@ff+ffffffffffffffffffffff+................
........#fffffffff@@@@ff+ffffffffffffffffffffff+................
........#fffffffff@@@@ff+ffffffffffffffffffffff+................
........#fffffffff@@@@ff+ffffffffffffffffffffff+................
........#fffffffff@@@@ff+ffffffffffffffffffffff+................
........#fffffffff@@@@ff+ffffffffffffffffffffff+................
........#fffffffff@@@@ff+ffffffffffffffffffffff+................
........#fffffffff@@@@ff+ffffffffffffffffffffff+................
........################++++++++++++++++++++++++................
................................................................
................................................................
................................................................
................................................................
................................................................
................................................................
................................................................
................................................................
................................................................
................................................................
................................................................
................................................................
................................................................
................................................................
................................................................
................................................................
................................................................
................................................................
