........................................................................
........................................................................
........................................................................
........................................................................
........................................................................
........................................................................
........................................................................
........................................................................
........................................................................
........................................................................
.........##################+++++++++++++++++++++++++++..................
.........#fffffffffffffffff+fffffffffffffffffffffffff+..................
.........#ffffffffffttfffff+ffffffffffttffffftffftttt+..................
.........#ffffffffffttfffff+ffffffffffttffffftffftttt+..................
.........#ffffffffffttttftt+ffffffffffttttftttfttffff+..................
.........#ffffffffffttfftff+ffffffffffttfftfftfttffff+..................
.........#ffffffffffttfffff+ffffffffffttffffftfttffff+..................
.........#ffffffffffttfffff+ffffffffffttffffftfttffff+..................
.........#ffffffffffttfffff+ffffffffffttffffftffftttt+..................
.........#fffffffffffffffff+fffffffffffffffffffffffff+..................
.........#fffffffffffffffff+fffffffffffffffffffffffff+..................
.........#fffffffffffffffff+fffffffffffffffffffffffff+..................
.........#ffffftffffttttttt+ftttttttfffffftffffttffff+..................
.........#ffffftffffttttttt+ftttttttfffffftffffttffff+..................
.........#fffttfttffttfffff+fttffffftfffttfttffttttff+..................
.........#fttttttttfttttttt+ftttttttffttttttttfttfftf+..................
.........#fttffffftfttfffff+fttfffffffttffffftfttffft+..................
.........#fttffffftfttfffff+fttfffffffttffffftfttffff+..................
.........#fttffffftfttttttt+fttfffffffttffffftfttffff+..................
.........#fffffffffffffffff+fffffffffffffffffffffffff+..................
.........#fffffffffffffffff+fffffffffffffffffffffffff+..................
.........#fffffffffffffffff+fffffffffffffffffffffffff+..................
.........#fffffffffffffffff+fffffffffffffffffffffffff+..................
.........#fffffffffffffffff+fffffffffffffffffffffffff+..................
.........#fffffffffffffffff+fffffffffffffffffffffffff+..................
.........#fffffffffffffffff+fffffffffffffffffffffffff+..................
.........#fffffffffffffffff+fffffffffffffffffffffffff+..................
.........#fffffffffffffffff+fffffffffffffffffffffffff+..................
.........#fffffffffffffffff+fffffffffffffffffffffffff+..................
.........##################+++++++++++++++++++++++++++..................
........................................................................
........................................................................
........................................................................
........................................................................
........................................................................
........................................................................
........................................................................
........................................................................
........................................................................
........................................................................
