######################################################++++++++++++++++++++++++++++++++++++++++++++++++++++++
#ffffffffffffffffffffffffffffffffffffffffffffffffffff#+ffffffffffffffffffffffffffffffffffffffffffffffffffff+
#fffffffffffftttttffttttttttftttttffffttttttttftttttt#+fffffffffffftttttfftttttttfffffftffffttffffftftttttt+
#fffffffffffftttttffttttttttftttttffffttttttttftttttt#+fffffffffffftttttfftttttttfffffftffffttffffftftttttt+
#ffffffffffffttfffffttfffffffttfffttfffffftfffffffftf#+ffffffffffffttfffffttffffftfffttfttffttttffftfttffff+
#ffffffffffffttffffftttttttffttffffftffffftfffffffftf#+ffffffffffffttffffftttttttffttttttttfttfftfftftttttt+
#ffffffffffffttfffffttfffffffttffffftffffftfffffffftf#+ffffffffffffttfffffttfffffffttffffftfttffftttfttffff+
#ffffffffffffttfffffttfffffffttfffttfffffftfffffffftf#+ffffffffffffttfffffttfffffffttffffftfttffffftfttffff+
#fffffffffffftttttffttttttttftttttffffttttttttffffftf#+fffffffffffftttttffttfffffffttffffftfttffffftftttttt+
#ffffffffffffffffffffffffffffffffffffffffffffffffffff#+ffffffffffffffffffffffffffffffffffffffffffffffffffff+
#ffffffffffffffffffffffffffffffffffffffffffffffffffff#+ffffffffffffffffffffffffffffffffffffffffffffffffffff+
#ffffffffffffffffffffffffffffffffffffffffffffffffffff#+ffffffffffffffffffffffffffffffffffffffffffffffffffff+
#fttfffffffttttttttfttttttttfttttttttffffffffffffffff#+ftttttttfffffftffffttffffftfttttttttfttfffffffffffff+
#fttfffffffttttttttfttttttttfttttttttffffffffffffffff#+ftttttttfffffftffffttffffftfttttttttfttfffffffffffff+
#fttfffffffttfffffffttffffffffffftfffffffffffffffffff#+fttffffftfffttfttffttttffftfttfffffffttffffffffffftf+
#fttffffffftttttttfftttttttfffffftfffffffffffffffffff#+ftttttttffttttttttfttfftfftftttttttffttfffffffffffff+
#fttfffffffttfffffffttffffffffffftfffffffffffffffffff#+fttfffffffttffffftfttffftttfttfffffffttfffffffffffff+
#fttfffffffttfffffffttffffffffffftfffffffffffffffffff#+fttfffffffttffffftfttffffftfttfffffffttffffffffffftf+
#fttttttttfttttttttfttffffffffffftfffffffffffffffffff#+fttfffffffttffffftfttffffftfttttttttfttttttttfffffff+
#ffffffffffffffffffffffffffffffffffffffffffffffffffff#+ffffffffffffffffffffffffffffffffffffffffffffffffffff+
#ffffffffffffffffffffffffffffffffffffffffffffffffffff#+ffffffffffffffffffffffffffffffffffffffffffffffffffff+
#ffffffffffffffffffffffffffff@@@@ffffffffffffffffffff#+ffffffffffffffffffffffffffffffffffffffffffffffffffff+
#ffftttttffttffffftftttttttff@@@@ttttffftttttfftttttt#+ffffffffffffffffffffffffffffffffffffffffffffffffffff+
#ffftttttffttffffftftttttttff@@@@ttttffftttttfftttttt#+ffffffffffffffffffffffffffffffffffffffffffffffffffff+
#fttffffftfttffffftfttffffftf@@@@fffffttffffftfttffff#+ffffffffffffffffffffffffffffffffffffffffffffffffffff+
#fttfffffffttffffftftttttttff@@@@tttffttffffftftttttt#+ffffffffffffffffffffffffffffffffffffffffffffffffffff+
#fttfffffffttffffftfttfffttff@@@@ffftfttffffftfttffft#+ffffffffffffffffffffffffffffffffffffffffffffffffffff+
#fttffffftfttffffftfttffffftf@@@@ffftfttffffftfttffff#+ffffffffffffffffffffffffffffffffffffffffffffffffffff+
#ffftttttfffftttttffttffffftf@@@@tttfffftttttffttffff#+ffffffffffffffffffffffffffffffffffffffffffffffffffff+
#ffffffffffffffffffffffffffffffffffffffffffffffffffff#+ffffffffffffffffffffffffffffffffffffffffffffffffffff+
#ffffffffffffffffffffffffffffffffffffffffffffffffffff#+ffffffffffffffffffffffffffffffffffffffffffffffffffff+
#ffffffffffffffffffffffffffffffffffffffffffffffffffff#+ffffffffffffffffffffffffffffffffffffffffffffffffffff+
#ffffffffffffffffffffffffffffffffffffffffffffffffffff#+ffffffffffffffffffffffffffffffffffffffffffffffffffff+
#ffffffffffffffffffffffffffffffffffffffffffffffffffff#+ffffffffffffffffffffffffffffffffffffffffffffffffffff+
#ffffffffffffffffffffffffffffffffffffffffffffffffffff#+ffffffffffffffffffffffffffffffffffffffffffffffffffff+
#ffffffffffffffffffffffffffffffffffffffffffffffffffff#+ffffffffffffffffffffffffffffffffffffffffffffffffffff+
#ffffffffffffffffffffffffffffffffffffffffffffffffffff#+ffffffffffffffffffffffffffffffffffffffffffffffffffff+
#ffffffffffffffffffffffffffffffffffffffffffffffffffff#+ffffffffffffffffffffffffffffffffffffffffffffffffffff+
#ffffffffffffffffffffffffffffffffffffffffffffffffffff#+ffffffffffffffffffffffffffffffffffffffffffffffffffff+
#ffffffffffffffffffffffffffffffffffffffffffffffffffff#+ffffffffffffffffffffffffffffffffffffffffffffffffffff+
#ffffffffffffffffffffffffffffffffffffffffffffffffffff#+ffffffffffffffffffffffffffffffffffffffffffffffffffff+
#ffffffffffffffffffffffffffffffffffffffffffffffffffff#+ffffffffffffffffffffffffffffffffffffffffffffffffffff+
#ffffffffffffffffffffffffffffffffffffffffffffffffffff#+ffffffffffffffffffffffffffffffffffffffffffffffffffff+
#ffffffffffffffffffffffffffffffffffffffffffffffffffff#+ffffffffffffffffffffffffffffffffffffffffffffffffffff+
#ffffffffffffffffffffffffffffffffffffffffffffffffffff#+ffffffffffffffffffffffffffffffffffffffffffffffffffff+
#ffffffffffffffffffffffffffffffffffffffffffffffffffff#+ffffffffffffffffffffffffffffffffffffffffffffffffffff+
#ffffffffffffffffffffffffffffffffffffffffffffffffffff#+ffffffffffffffffffffffffffffffffffffffffffffffffffff+
#ffffffffffffffffffffffffffffffffffffffffffffffffffff#+ffffffffffffffffffffffffffffffffffffffffffffffffffff+
#ffffffffffffffffffffffffffffffffffffffffffffffffffff#+ffffffffffffffffffffffffffffffffffffffffffffffffffff+
######################################################++++++++++++++++++++++++++++++++++++++++++++++++++++++
