################################################++++++++++++++++++++++++++++++++++++++++++++++++
#TTTTTTTTTTTTTTTTTTTTTTTTTTTTTTTTTTTTTTTTTTTTTT#+uuuuuuuuuuuuuuuuuuuuuuuuuuuuuuuuuuuuuuuuuuuuuu+
#TTffffffffffffffffffffffffffffffffffffffffffff#+uuffffffffffffffffffffffffffffffffffffffffffff+
#TTffffffffffffffffffffffffffffffffffffffffffff#+uuffffffffffffffffffffffffffffffffffffffffffff+
#Tfffffffftttttttfffftttfffffttfffffftfffffffff#+uffffffffttttttffffffffffffffffffffffffffffttt+
#Tfffffffffttffttfffffttfffffttfffffttfffffffff#+ufffffffffttffttfffffffffffffffffffffffffffftt+
#Tfffffffffttffftfffffttffffffffffffttfffffffff#+ufffffffffttffttfffffffffffffffffffffffffffftt+
#Tfffffffffttftfffffttttfffftttfffttttttffftttt#+ufffffffffttffttffttttfffttftttffftttttffffftt+
#Tfffffffffttttffffttfttfffffttfffffttffffttfff#+uffffffffftttttffffffttfffttffttfttfffttfffftt+
#Tfffffffffttftfffttffttfffffttfffffttffffttfff#+ufffffffffttfffffftttttfffttffttftttttttfffftt+
#Tfffffffffttfffffttffttfffffttfffffttffffttfff#+ufffffffffttfffffttffttfffttffttfttffffffffftt+
#Tfffffffffttffftfttffttfffffttfffffttffffttfff#+ufffffffffttfffffttffttfffttffttfttffffffffftt+
#Tfffffffffttffttfttffttfffffttfffffttfttfttfff#+ufffffffffttfffffttffttfffttffttfttfffttfffftt+
#Tfffffffftttttttfftttfttfffttttffffftttffftttt#+uffffffffttttffffftttfttffttffttfftttttffffttt+
#Tfffffffffffffffffffffffffffffffffffffffffffff#+ufffffffffffffffffffffffffffffffffffffffffffff+
#Tfffffffffffffffffffffffffffffffffffffffffffff#+ufffffffffffffffffffffffffffffffffffffffffffff+
#TTffffffffffffffffffffffffffffffffffffffffffff#+uuffffffffffffffffffffffffffffffffffffffffffff+
#TTffffffffffffffffffffffffffffffffffffffffffff#+uuffffffffffffffffffffffffffffffffffffffffffff+
################################################++++++++++++++++++++++++++++++++++++++++++++++++
#ffffffffffffffffffffffffffffffffffffffffffffff#+ffffffffffffffffffffffffffffffffffffffffffffff+
#ffffffffffffffffffffffffffffffffffffffffffffff#+ffffffffffffffffffffffffffffffffffffffffffffff+
#ffffffffffffffffffffffffffffffffffffffffffffff#+ffffffffffffffffffffffffffffffffffffffffffffff+
#ffftttffffffffffffftttfffffftfffffffffffffffff#+ffffffffffffffffffffffffffffffffffftttffffffff+
#ffffttffffffffffffttfttffffttfffffffffffffffff#+ffffffffffffffffffffffffffffffffffffttffffffff+
#ffffttffffffffffffttfftffffttfffffffffffffffff#+ffffffffffffffffffffffffffffffffffffttfffffftt+
#ffffttfffftttttfffttfffffttttttfffffffffffffff#+fttftttfffttttfffttftttffftttttfffffttfffffftt+
#ffffttfffttfffttfttttffffffttfffffffffffffffff#+ffttffttfffffttfffttffttfttfffttffffttffffffff+
#ffffttffftttttttffttfffffffttfffffffffffffffff#+ffttffttfftttttfffttffttftttttttffffttffffffff+
#ffffttfffttfffffffttfffffffttfffffffffffffffff#+ffttffttfttffttfffttffttfttfffffffffttffffffff+
#ffffttfffttfffffffttfffffffttfffffffffffffffff#+ffttffttfttffttfffttffttfttfffffffffttfffffftt+
#ffffttfffttfffttffttfffffffttfttffffffffffffff#+ffttffttfttffttfffttffttfttfffttffffttfffffftt+
#fffttttffftttttffttttffffffftttfffffffffffffff#+fftttttffftttfttffttffttfftttttffffttttfffffff+
#ffffffffffffffffffffffffffffffffffffffffffffff#+ffttffffffffffffffffffffffffffffffffffffffffff+
#ffffffffffffffffffffffffffffffffffffffffffffff#+ffttffffffffffffffffffffffffffffffffffffffffff+
#ffffffffffffffffffffffffffffffffffffffffffffff#+fttttfffffffffffffffffffffffffffffffffffffffff+
#ffffffffffffffffffffffffffffffffffffffffffffff#+ffffffffffffffffffffffffffffffffffffffffffffff+
#ffffffffffffffffffffffffffffffffffffffffffffff#+ffffffffffffffffffffffffffffffffffffffffffffff+
#fffffffffffffffff@@@@fffffffffffffffffffffffff#+ffffffffffffffffffffffffffffffffffffffffffffff+
#fffffffffffffffff@@@@fffffffffffffffffffffffff#+ffffffffffffffffffffffffffffffffffffffffffffff+
#fffffffffffffffff@@@@fffffffffffffffffffffffff#+ffffffffffffffffffffffffffffffffffffffffffffff+
#fffffffffffffffff@@@@fffffffffffffffffffffffff#+ffffffffffffffffffffffffffffffffffffffffffffff+
#fffffffffffffffff@@@@fffffffffffffffffffffffff#+ffffffffffffffffffffffffffffffffffffffffffffff+
#fffffffffffffffff@@@@fffffffffffffffffffffffff#+ffffffffffffffffffffffffffffffffffffffffffffff+
#fftttttffttffttff@@@@ttffftttttffftttttffttftt#+ffffffffffffffffffffffffffffffffffffffffffffff+
#fttfffttfttffttff@@@@fttfttfffttfttfffttfftttf#+ffffffffffffffffffffffffffffffffffffffffffffff+
#fttffffffttffttff@@@@fttffttfffffttfffttffttff#+ffffffffffffffffffffffffffffffffffffffffffffff+
#fttffffffttffttff@@@@fffffftttfffttfffttffttff#+ffffffffffffffffffffffffffffffffffffffffffffff+
#fttffffffttffttff@@@@ffffffffttffttfffttffttff#+ffffffffffffffffffffffffffffffffffffffffffffff+
#fttfffttfttffttff@@@@ffffttfffttfttfffttffttff#+ffffffffffffffffffffffffffffffffffffffffffffff+
#fftttttffftttfttf@@@@ffffftttttffftttttffttttf#+ffffffffffffffffffffffffffffffffffffffffffffff+
#fffffffffffffffff@@@@fffffffffffffffffffffffff#+ffffffffffffffffffffffffffffffffffffffffffffff+
#fffffffffffffffff@@@@fffffffffffffffffffffffff#+ffffffffffffffffffffffffffffffffffffffffffffff+
#fffffffffffffffff@@@@fffffffffffffffffffffffff#+ffffffffffffffffffffffffffffffffffffffffffffff+
#ffffffffffffffffffffffffffffffffffffffffffffff#+ffffffffffffffffffffffffffffffffffffffffffffff+
#ffffffffffffffffffffffffffffffffffffffffffffff#+ffffffffffffffffffffffffffffffffffffffffffffff+
#ffffffffffffffffffffffffffffffffffffffffffffff#+ffffffffffffffffffffffffffffffffffffffffffffff+
#ffffffffffffffffffffffffffffffffffffffffffffff#+ffffffffffffffffffffffffffffffffffffffffffffff+
#ffffffffffffffffffffffffffffffffffffffffffffff#+ffffffffffffffffffffffffffffffffffffffffffffff+
#ffffffffffffffffffffffffffffffffffffffffffffff#+ffffffffffffffffffffffffffffffffffffffffffffff+
#ffffffffffffffffffffffffffffffffffffffffffffff#+ffffffffffffffffffffffffffffffffffffffffffffff+
#ffffffffffffffffffffffffffffffffffffffffffffff#+ffffffffffffffffffffffffffffffffffffffffffffff+
#ffffffffffffffffffffffffffffffffffffffffffffff#+ffffffffffffffffffffffffffffffffffffffffffffff+
#ffffffffffffffffffffffffffffffffffffffffffffff#+ffffffffffffffffffffffffffffffffffffffffffffff+
#ffffffffffffffffffffffffffffffffffffffffffffff#+ffffffffffffffffffffffffffffffffffffffffffffff+
#ffffffffffffffffffffffffffffffffffffffffffffff#+ffffffffffffffffffffffffffffffffffffffffffffff+
#ffffffffffffffffffffffffffffffffffffffffffffff#+ffffffffffffffffffffffffffffffffffffffffffffff+
#ffffffffffffffffffffffffffffffffffffffffffffff#+ffffffffffffffffffffffffffffffffffffffffffffff+
#ffffffffffffffffffffffffffffffffffffffffffffff#+ffffffffffffffffffffffffffffffffffffffffffffff+
#ffffffffffffffffffffffffffffffffffffffffffffff#+ffffffffffffffffffffffffffffffffffffffffffffff+
#ffffffffffffffffffffffffffffffffffffffffffffff#+ffffffffffffffffffffffffffffffffffffffffffffff+
#ffffffffffffffffffffffffffffffffffffffffffffff#+ffffffffffffffffffffffffffffffffffffffffffffff+
#ffffffffffffffffffffffffffffffffffffffffffffff#+ffffffffffffffffffffffffffffffffffffffffffffff+
#ffffffffffffffffffffffffffffffffffffffffffffff#+ffffffffffffffffffffffffffffffffffffffffffffff+
#ffffffffffffffffffffffffffffffffffffffffffffff#+ffffffffffffffffffffffffffffffffffffffffffffff+
#ffffffffffffffffffffffffffffffffffffffffffffff#+ffffffffffffffffffffffffffffffffffffffffffffff+
#ffffffffffffffffffffffffffffffffffffffffffffff#+ffffffffffffffffffffffffffffffffffffffffffffff+
#ffffffffffffffffffffffffffffffffffffffffffffff#+ffffffffffffffffffffffffffffffffffffffffffffff+
#ffffffffffffffffffffffffffffffffffffffffffffff#+ffffffffffffffffffffffffffffffffffffffffffffff+
#ffffffffffffffffffffffffffffffffffffffffffffff#+ffffffffffffffffffffffffffffffffffffffffffffff+
#ffffffffffffffffffffffffffffffffffffffffffffff#+ffffffffffffffffffffffffffffffffffffffffffffff+
#ffffffffffffffffffffffffffffffffffffffffffffff#+ffffffffffffffffffffffffffffffffffffffffffffff+
#ffffffffffffffffffffffffffffffffffffffffffffff#+ffffffffffffffffffffffffffffffffffffffffffffff+
#ffffffffffffffffffffffffffffffffffffffffffffff#+ffffffffffffffffffffffffffffffffffffffffffffff+
#ffffffffffffffffffffffffffffffffffffffffffffff#+ffffffffffffffffffffffffffffffffffffffffffffff+
#ffffffffffffffffffffffffffffffffffffffffffffff#+ffffffffffffffffffffffffffffffffffffffffffffff+
#ffffffffffffffffffffffffffffffffffffffffffffff#+ffffffffffffffffffffffffffffffffffffffffffffff+
#ffffffffffffffffffffffffffffffffffffffffffffff#+ffffffffffffffffffffffffffffffffffffffffffffff+
#ffffffffffffffffffffffffffffffffffffffffffffff#+ffffffffffffffffffffffffffffffffffffffffffffff+
#ffffffffffffffffffffffffffffffffffffffffffffff#+ffffffffffffffffffffffffffffffffffffffffffffff+
################################################++++++++++++++++++++++++++++++++++++++++++++++++
